============================= test session starts =============================
platform win32 -- Python 3.11.3, pytest-8.3.5, pluggy-1.5.0
rootdir: D:\Bachelorarbeit\Translate_Cora
configfile: pytest.ini
plugins: jaxtyping-0.2.36, mock-3.14.1
collected 27 items

cora_python\tests\contSet\polytope\test_polytope_contains_.py ..FFFFFFFF [ 37%]
F.FFFFFFF...FFF..                                                        [100%]

================================== FAILURES ===================================
__________ TestPolytopeContains.test_contains_1d_unbounded_same_set ___________

self = <test_polytope_contains_.TestPolytopeContains object at 0x000001F170BF8C90>

    def test_contains_1d_unbounded_same_set(self):
        """Test 1D unbounded >= unbounded (same set)"""
        A1 = np.array([[3]])
        b1 = np.array([6])
        P1 = Polytope(A1, b1)
        A2 = np.array([[1]])
        b2 = np.array([2])
        P2 = Polytope(A2, b2)
        # Both represent x <= 2, so they should contain each other
>       assert contains_(P1, P2)

cora_python\tests\contSet\polytope\test_polytope_contains_.py:48: 
_ _ _ _ _ _ _ _ _ _ _ _ _ _ _ _ _ _ _ _ _ _ _ _ _ _ _ _ _ _ _ _ _ _ _ _ _ _ _ _
cora_python\contSet\polytope\contains_.py:130: in contains_
    is_point, point_val = S.representsa_('point') # representsa_ returns (bool, object or None)
cora_python\contSet\polytope\representsa_.py:113: in representsa_
    V = vertices_(p)
cora_python\contSet\polytope\vertices_.py:49: in vertices_
    V = _priv_vertices_1D(P.A, P.b, P.Ae, P.be)
_ _ _ _ _ _ _ _ _ _ _ _ _ _ _ _ _ _ _ _ _ _ _ _ _ _ _ _ _ _ _ _ _ _ _ _ _ _ _ _

A = array([[1]]), b = array([[2]]), Ae = array([], shape=(0, 1), dtype=float64)
be = array([], shape=(0, 1), dtype=float64)

    def _priv_vertices_1D(A: np.ndarray, b: np.ndarray, Ae: np.ndarray, be: np.ndarray) -> np.ndarray:
        """Auxiliary function for 1D case, extracting vertices from H-rep.
        Matches MATLAB's priv_vertices_1D.
        """
        # Collect all boundary points from inequalities and equalities
        boundaries = []
    
        # From inequalities: A*x <= b
        # For A[i,0] > 0, x <= b[i,0]/A[i,0] (upper bound)
        # For A[i,0] < 0, x >= b[i,0]/A[i,0] (lower bound, divide by negative)
        upper_bounds = []
        lower_bounds = []
    
        if A.size > 0:
            for i in range(A.shape[0]):
                if A[i, 0] > withinTol(A[i,0], 0):
                    upper_bounds.append(b[i, 0] / A[i, 0])
                elif A[i, 0] < -withinTol(A[i,0], 0):
                    lower_bounds.append(b[i, 0] / A[i, 0])
                # If A[i,0] is zero, it's a trivial constraint (0 <= b), ignored unless b is negative (empty set)
                elif withinTol(A[i,0], 0) and b[i,0] < -withinTol(b[i,0], 0): # 0*x <= negative -> empty
                    return np.zeros((1, 0)) # Return empty for infeasible 0*x <= b
    
        # From equalities: Ae*x == be
        if Ae.size > 0:
            for i in range(Ae.shape[0]):
                if Ae[i, 0] != 0:
                    val = be[i, 0] / Ae[i, 0]
                    # For equality, this point is both an upper and lower bound
                    upper_bounds.append(val)
                    lower_bounds.append(val)
                elif withinTol(Ae[i,0], 0) and not withinTol(be[i,0], 0): # 0*x == non-zero -> empty
                     return np.zeros((1, 0)) # Return empty for infeasible 0*x == b
    
        # Determine the actual min and max, considering open/unbounded intervals
        min_val = -np.inf if not lower_bounds else np.max(lower_bounds) # Max of lower bounds is the true lower bound
        max_val = np.inf if not upper_bounds else np.min(upper_bounds) # Min of upper bounds is the true upper bound
    
        # Check for empty set (min > max)
>       if min_val > max_val + tol: # Add tolerance for numerical stability
E       NameError: name 'tol' is not defined

cora_python\contSet\polytope\vertices_.py:162: NameError
___________ TestPolytopeContains.test_contains_1d_unbounded_subset ____________

self = <test_polytope_contains_.TestPolytopeContains object at 0x000001F170BF9390>

    def test_contains_1d_unbounded_subset(self):
        """Test 1D unbounded >= unbounded (subset)"""
        A1 = np.array([[1]])
        b1 = np.array([1])
        P1 = Polytope(A1, b1)  # x <= 1
        A2 = np.array([[1]])
        b2 = np.array([0])
        P2 = Polytope(A2, b2)  # x <= 0
>       assert contains_(P1, P2)

cora_python\tests\contSet\polytope\test_polytope_contains_.py:59: 
_ _ _ _ _ _ _ _ _ _ _ _ _ _ _ _ _ _ _ _ _ _ _ _ _ _ _ _ _ _ _ _ _ _ _ _ _ _ _ _
cora_python\contSet\polytope\contains_.py:130: in contains_
    is_point, point_val = S.representsa_('point') # representsa_ returns (bool, object or None)
cora_python\contSet\polytope\representsa_.py:113: in representsa_
    V = vertices_(p)
cora_python\contSet\polytope\vertices_.py:49: in vertices_
    V = _priv_vertices_1D(P.A, P.b, P.Ae, P.be)
_ _ _ _ _ _ _ _ _ _ _ _ _ _ _ _ _ _ _ _ _ _ _ _ _ _ _ _ _ _ _ _ _ _ _ _ _ _ _ _

A = array([[1]]), b = array([[0]]), Ae = array([], shape=(0, 1), dtype=float64)
be = array([], shape=(0, 1), dtype=float64)

    def _priv_vertices_1D(A: np.ndarray, b: np.ndarray, Ae: np.ndarray, be: np.ndarray) -> np.ndarray:
        """Auxiliary function for 1D case, extracting vertices from H-rep.
        Matches MATLAB's priv_vertices_1D.
        """
        # Collect all boundary points from inequalities and equalities
        boundaries = []
    
        # From inequalities: A*x <= b
        # For A[i,0] > 0, x <= b[i,0]/A[i,0] (upper bound)
        # For A[i,0] < 0, x >= b[i,0]/A[i,0] (lower bound, divide by negative)
        upper_bounds = []
        lower_bounds = []
    
        if A.size > 0:
            for i in range(A.shape[0]):
                if A[i, 0] > withinTol(A[i,0], 0):
                    upper_bounds.append(b[i, 0] / A[i, 0])
                elif A[i, 0] < -withinTol(A[i,0], 0):
                    lower_bounds.append(b[i, 0] / A[i, 0])
                # If A[i,0] is zero, it's a trivial constraint (0 <= b), ignored unless b is negative (empty set)
                elif withinTol(A[i,0], 0) and b[i,0] < -withinTol(b[i,0], 0): # 0*x <= negative -> empty
                    return np.zeros((1, 0)) # Return empty for infeasible 0*x <= b
    
        # From equalities: Ae*x == be
        if Ae.size > 0:
            for i in range(Ae.shape[0]):
                if Ae[i, 0] != 0:
                    val = be[i, 0] / Ae[i, 0]
                    # For equality, this point is both an upper and lower bound
                    upper_bounds.append(val)
                    lower_bounds.append(val)
                elif withinTol(Ae[i,0], 0) and not withinTol(be[i,0], 0): # 0*x == non-zero -> empty
                     return np.zeros((1, 0)) # Return empty for infeasible 0*x == b
    
        # Determine the actual min and max, considering open/unbounded intervals
        min_val = -np.inf if not lower_bounds else np.max(lower_bounds) # Max of lower bounds is the true lower bound
        max_val = np.inf if not upper_bounds else np.min(upper_bounds) # Min of upper bounds is the true upper bound
    
        # Check for empty set (min > max)
>       if min_val > max_val + tol: # Add tolerance for numerical stability
E       NameError: name 'tol' is not defined

cora_python\contSet\polytope\vertices_.py:162: NameError
______ TestPolytopeContains.test_contains_1d_unbounded_vs_bounded_subset ______

self = <test_polytope_contains_.TestPolytopeContains object at 0x000001F170BF9A50>

    def test_contains_1d_unbounded_vs_bounded_subset(self):
        """Test 1D unbounded >= bounded (subset)"""
        A1 = np.array([[1]])
        b1 = np.array([1])
        P1 = Polytope(A1, b1)  # x <= 1
        A2 = np.array([[1], [-1]])
        b2 = np.array([0.5, 0.75])
        P2 = Polytope(A2, b2)  # -0.75 <= x <= 0.5
>       assert contains_(P1, P2)

cora_python\tests\contSet\polytope\test_polytope_contains_.py:69: 
_ _ _ _ _ _ _ _ _ _ _ _ _ _ _ _ _ _ _ _ _ _ _ _ _ _ _ _ _ _ _ _ _ _ _ _ _ _ _ _
cora_python\contSet\polytope\contains_.py:130: in contains_
    is_point, point_val = S.representsa_('point') # representsa_ returns (bool, object or None)
cora_python\contSet\polytope\representsa_.py:113: in representsa_
    V = vertices_(p)
cora_python\contSet\polytope\vertices_.py:49: in vertices_
    V = _priv_vertices_1D(P.A, P.b, P.Ae, P.be)
_ _ _ _ _ _ _ _ _ _ _ _ _ _ _ _ _ _ _ _ _ _ _ _ _ _ _ _ _ _ _ _ _ _ _ _ _ _ _ _

A = array([[ 1],
       [-1]]), b = array([[0.5 ],
       [0.75]])
Ae = array([], shape=(0, 1), dtype=float64)
be = array([], shape=(0, 1), dtype=float64)

    def _priv_vertices_1D(A: np.ndarray, b: np.ndarray, Ae: np.ndarray, be: np.ndarray) -> np.ndarray:
        """Auxiliary function for 1D case, extracting vertices from H-rep.
        Matches MATLAB's priv_vertices_1D.
        """
        # Collect all boundary points from inequalities and equalities
        boundaries = []
    
        # From inequalities: A*x <= b
        # For A[i,0] > 0, x <= b[i,0]/A[i,0] (upper bound)
        # For A[i,0] < 0, x >= b[i,0]/A[i,0] (lower bound, divide by negative)
        upper_bounds = []
        lower_bounds = []
    
        if A.size > 0:
            for i in range(A.shape[0]):
                if A[i, 0] > withinTol(A[i,0], 0):
                    upper_bounds.append(b[i, 0] / A[i, 0])
>               elif A[i, 0] < -withinTol(A[i,0], 0):
E               TypeError: The numpy boolean negative, the `-` operator, is not supported, use the `~` operator or the logical_not function instead.

cora_python\contSet\polytope\vertices_.py:140: TypeError
________ TestPolytopeContains.test_contains_1d_unbounded_vs_degenerate ________

self = <test_polytope_contains_.TestPolytopeContains object at 0x000001F170BFA110>

    def test_contains_1d_unbounded_vs_degenerate(self):
        """Test 1D unbounded >= degenerate"""
        A1 = np.array([[1]])
        b1 = np.array([1])
        P1 = Polytope(A1, b1)  # x <= 1
        Ae = np.array([[1]])
        be = np.array([0])
        P2 = Polytope(np.zeros((0, 1)), np.zeros(0), Ae, be)  # x = 0
>       assert contains_(P1, P2)

cora_python\tests\contSet\polytope\test_polytope_contains_.py:79: 
_ _ _ _ _ _ _ _ _ _ _ _ _ _ _ _ _ _ _ _ _ _ _ _ _ _ _ _ _ _ _ _ _ _ _ _ _ _ _ _
cora_python\contSet\polytope\contains_.py:130: in contains_
    is_point, point_val = S.representsa_('point') # representsa_ returns (bool, object or None)
cora_python\contSet\polytope\representsa_.py:113: in representsa_
    V = vertices_(p)
cora_python\contSet\polytope\vertices_.py:49: in vertices_
    V = _priv_vertices_1D(P.A, P.b, P.Ae, P.be)
_ _ _ _ _ _ _ _ _ _ _ _ _ _ _ _ _ _ _ _ _ _ _ _ _ _ _ _ _ _ _ _ _ _ _ _ _ _ _ _

A = array([], shape=(0, 1), dtype=float64)
b = array([], shape=(0, 1), dtype=float64), Ae = array([[1]]), be = array([[0]])

    def _priv_vertices_1D(A: np.ndarray, b: np.ndarray, Ae: np.ndarray, be: np.ndarray) -> np.ndarray:
        """Auxiliary function for 1D case, extracting vertices from H-rep.
        Matches MATLAB's priv_vertices_1D.
        """
        # Collect all boundary points from inequalities and equalities
        boundaries = []
    
        # From inequalities: A*x <= b
        # For A[i,0] > 0, x <= b[i,0]/A[i,0] (upper bound)
        # For A[i,0] < 0, x >= b[i,0]/A[i,0] (lower bound, divide by negative)
        upper_bounds = []
        lower_bounds = []
    
        if A.size > 0:
            for i in range(A.shape[0]):
                if A[i, 0] > withinTol(A[i,0], 0):
                    upper_bounds.append(b[i, 0] / A[i, 0])
                elif A[i, 0] < -withinTol(A[i,0], 0):
                    lower_bounds.append(b[i, 0] / A[i, 0])
                # If A[i,0] is zero, it's a trivial constraint (0 <= b), ignored unless b is negative (empty set)
                elif withinTol(A[i,0], 0) and b[i,0] < -withinTol(b[i,0], 0): # 0*x <= negative -> empty
                    return np.zeros((1, 0)) # Return empty for infeasible 0*x <= b
    
        # From equalities: Ae*x == be
        if Ae.size > 0:
            for i in range(Ae.shape[0]):
                if Ae[i, 0] != 0:
                    val = be[i, 0] / Ae[i, 0]
                    # For equality, this point is both an upper and lower bound
                    upper_bounds.append(val)
                    lower_bounds.append(val)
                elif withinTol(Ae[i,0], 0) and not withinTol(be[i,0], 0): # 0*x == non-zero -> empty
                     return np.zeros((1, 0)) # Return empty for infeasible 0*x == b
    
        # Determine the actual min and max, considering open/unbounded intervals
        min_val = -np.inf if not lower_bounds else np.max(lower_bounds) # Max of lower bounds is the true lower bound
        max_val = np.inf if not upper_bounds else np.min(upper_bounds) # Min of upper bounds is the true upper bound
    
        # Check for empty set (min > max)
>       if min_val > max_val + tol: # Add tolerance for numerical stability
E       NameError: name 'tol' is not defined

cora_python\contSet\polytope\vertices_.py:162: NameError
___ TestPolytopeContains.test_contains_1d_bounded_not_containing_unbounded ____

self = <test_polytope_contains_.TestPolytopeContains object at 0x000001F170BFA7D0>

    def test_contains_1d_bounded_not_containing_unbounded(self):
        """Test 1D bounded does not contain unbounded"""
        A1 = np.array([[1], [-1]])
        b1 = np.array([1, 1])
        P1 = Polytope(A1, b1)  # [-1, 1]
        A2 = np.array([[2], [3]])
        b2 = np.array([7, 2])
        P2 = Polytope(A2, b2)  # x <= 3.5 and x <= 2/3 -> unbounded
>       assert not np.all(contains_(P1, P2)[0])

cora_python\tests\contSet\polytope\test_polytope_contains_.py:89: 
_ _ _ _ _ _ _ _ _ _ _ _ _ _ _ _ _ _ _ _ _ _ _ _ _ _ _ _ _ _ _ _ _ _ _ _ _ _ _ _
cora_python\contSet\polytope\contains_.py:130: in contains_
    is_point, point_val = S.representsa_('point') # representsa_ returns (bool, object or None)
cora_python\contSet\polytope\representsa_.py:113: in representsa_
    V = vertices_(p)
cora_python\contSet\polytope\vertices_.py:49: in vertices_
    V = _priv_vertices_1D(P.A, P.b, P.Ae, P.be)
_ _ _ _ _ _ _ _ _ _ _ _ _ _ _ _ _ _ _ _ _ _ _ _ _ _ _ _ _ _ _ _ _ _ _ _ _ _ _ _

A = array([[2],
       [3]]), b = array([[7],
       [2]])
Ae = array([], shape=(0, 1), dtype=float64)
be = array([], shape=(0, 1), dtype=float64)

    def _priv_vertices_1D(A: np.ndarray, b: np.ndarray, Ae: np.ndarray, be: np.ndarray) -> np.ndarray:
        """Auxiliary function for 1D case, extracting vertices from H-rep.
        Matches MATLAB's priv_vertices_1D.
        """
        # Collect all boundary points from inequalities and equalities
        boundaries = []
    
        # From inequalities: A*x <= b
        # For A[i,0] > 0, x <= b[i,0]/A[i,0] (upper bound)
        # For A[i,0] < 0, x >= b[i,0]/A[i,0] (lower bound, divide by negative)
        upper_bounds = []
        lower_bounds = []
    
        if A.size > 0:
            for i in range(A.shape[0]):
                if A[i, 0] > withinTol(A[i,0], 0):
                    upper_bounds.append(b[i, 0] / A[i, 0])
                elif A[i, 0] < -withinTol(A[i,0], 0):
                    lower_bounds.append(b[i, 0] / A[i, 0])
                # If A[i,0] is zero, it's a trivial constraint (0 <= b), ignored unless b is negative (empty set)
                elif withinTol(A[i,0], 0) and b[i,0] < -withinTol(b[i,0], 0): # 0*x <= negative -> empty
                    return np.zeros((1, 0)) # Return empty for infeasible 0*x <= b
    
        # From equalities: Ae*x == be
        if Ae.size > 0:
            for i in range(Ae.shape[0]):
                if Ae[i, 0] != 0:
                    val = be[i, 0] / Ae[i, 0]
                    # For equality, this point is both an upper and lower bound
                    upper_bounds.append(val)
                    lower_bounds.append(val)
                elif withinTol(Ae[i,0], 0) and not withinTol(be[i,0], 0): # 0*x == non-zero -> empty
                     return np.zeros((1, 0)) # Return empty for infeasible 0*x == b
    
        # Determine the actual min and max, considering open/unbounded intervals
        min_val = -np.inf if not lower_bounds else np.max(lower_bounds) # Max of lower bounds is the true lower bound
        max_val = np.inf if not upper_bounds else np.min(upper_bounds) # Min of upper bounds is the true upper bound
    
        # Check for empty set (min > max)
>       if min_val > max_val + tol: # Add tolerance for numerical stability
E       NameError: name 'tol' is not defined

cora_python\contSet\polytope\vertices_.py:162: NameError
__ TestPolytopeContains.test_contains_1d_degenerate_not_containing_unbounded __

self = <test_polytope_contains_.TestPolytopeContains object at 0x000001F170BFAE90>

    def test_contains_1d_degenerate_not_containing_unbounded(self):
        """Test 1D degenerate does not contain unbounded"""
        A1 = np.array([[1], [-1]])
        b1 = np.array([1, -1])
        P1 = Polytope(A1, b1)  # x = 1 (degenerate)
        A2 = np.array([[2], [3]])
        b2 = np.array([7, 2])
        P2 = Polytope(A2, b2)
>       assert not np.all(contains_(P1, P2)[0])

cora_python\tests\contSet\polytope\test_polytope_contains_.py:99: 
_ _ _ _ _ _ _ _ _ _ _ _ _ _ _ _ _ _ _ _ _ _ _ _ _ _ _ _ _ _ _ _ _ _ _ _ _ _ _ _
cora_python\contSet\polytope\contains_.py:130: in contains_
    is_point, point_val = S.representsa_('point') # representsa_ returns (bool, object or None)
cora_python\contSet\polytope\representsa_.py:113: in representsa_
    V = vertices_(p)
cora_python\contSet\polytope\vertices_.py:49: in vertices_
    V = _priv_vertices_1D(P.A, P.b, P.Ae, P.be)
_ _ _ _ _ _ _ _ _ _ _ _ _ _ _ _ _ _ _ _ _ _ _ _ _ _ _ _ _ _ _ _ _ _ _ _ _ _ _ _

A = array([[2],
       [3]]), b = array([[7],
       [2]])
Ae = array([], shape=(0, 1), dtype=float64)
be = array([], shape=(0, 1), dtype=float64)

    def _priv_vertices_1D(A: np.ndarray, b: np.ndarray, Ae: np.ndarray, be: np.ndarray) -> np.ndarray:
        """Auxiliary function for 1D case, extracting vertices from H-rep.
        Matches MATLAB's priv_vertices_1D.
        """
        # Collect all boundary points from inequalities and equalities
        boundaries = []
    
        # From inequalities: A*x <= b
        # For A[i,0] > 0, x <= b[i,0]/A[i,0] (upper bound)
        # For A[i,0] < 0, x >= b[i,0]/A[i,0] (lower bound, divide by negative)
        upper_bounds = []
        lower_bounds = []
    
        if A.size > 0:
            for i in range(A.shape[0]):
                if A[i, 0] > withinTol(A[i,0], 0):
                    upper_bounds.append(b[i, 0] / A[i, 0])
                elif A[i, 0] < -withinTol(A[i,0], 0):
                    lower_bounds.append(b[i, 0] / A[i, 0])
                # If A[i,0] is zero, it's a trivial constraint (0 <= b), ignored unless b is negative (empty set)
                elif withinTol(A[i,0], 0) and b[i,0] < -withinTol(b[i,0], 0): # 0*x <= negative -> empty
                    return np.zeros((1, 0)) # Return empty for infeasible 0*x <= b
    
        # From equalities: Ae*x == be
        if Ae.size > 0:
            for i in range(Ae.shape[0]):
                if Ae[i, 0] != 0:
                    val = be[i, 0] / Ae[i, 0]
                    # For equality, this point is both an upper and lower bound
                    upper_bounds.append(val)
                    lower_bounds.append(val)
                elif withinTol(Ae[i,0], 0) and not withinTol(be[i,0], 0): # 0*x == non-zero -> empty
                     return np.zeros((1, 0)) # Return empty for infeasible 0*x == b
    
        # Determine the actual min and max, considering open/unbounded intervals
        min_val = -np.inf if not lower_bounds else np.max(lower_bounds) # Max of lower bounds is the true lower bound
        max_val = np.inf if not upper_bounds else np.min(upper_bounds) # Min of upper bounds is the true upper bound
    
        # Check for empty set (min > max)
>       if min_val > max_val + tol: # Add tolerance for numerical stability
E       NameError: name 'tol' is not defined

cora_python\contSet\polytope\vertices_.py:162: NameError
_______ TestPolytopeContains.test_contains_1d_degenerate_vs_degenerate ________

self = <test_polytope_contains_.TestPolytopeContains object at 0x000001F170BFB550>

    def test_contains_1d_degenerate_vs_degenerate(self):
        """Test 1D degenerate >= degenerate"""
        A1 = np.array([[1], [-1]])
        b1 = np.array([1, -1])
        P1 = Polytope(A1, b1)  # x = 1
        Ae = np.array([[1]])
        be = np.array([0])
        P2 = Polytope(np.zeros((0, 1)), np.zeros(0), Ae, be)  # x = 0
>       assert not np.all(contains_(P1, P2)[0])

cora_python\tests\contSet\polytope\test_polytope_contains_.py:109: 
_ _ _ _ _ _ _ _ _ _ _ _ _ _ _ _ _ _ _ _ _ _ _ _ _ _ _ _ _ _ _ _ _ _ _ _ _ _ _ _
cora_python\contSet\polytope\contains_.py:130: in contains_
    is_point, point_val = S.representsa_('point') # representsa_ returns (bool, object or None)
cora_python\contSet\polytope\representsa_.py:113: in representsa_
    V = vertices_(p)
cora_python\contSet\polytope\vertices_.py:49: in vertices_
    V = _priv_vertices_1D(P.A, P.b, P.Ae, P.be)
_ _ _ _ _ _ _ _ _ _ _ _ _ _ _ _ _ _ _ _ _ _ _ _ _ _ _ _ _ _ _ _ _ _ _ _ _ _ _ _

A = array([], shape=(0, 1), dtype=float64)
b = array([], shape=(0, 1), dtype=float64), Ae = array([[1]]), be = array([[0]])

    def _priv_vertices_1D(A: np.ndarray, b: np.ndarray, Ae: np.ndarray, be: np.ndarray) -> np.ndarray:
        """Auxiliary function for 1D case, extracting vertices from H-rep.
        Matches MATLAB's priv_vertices_1D.
        """
        # Collect all boundary points from inequalities and equalities
        boundaries = []
    
        # From inequalities: A*x <= b
        # For A[i,0] > 0, x <= b[i,0]/A[i,0] (upper bound)
        # For A[i,0] < 0, x >= b[i,0]/A[i,0] (lower bound, divide by negative)
        upper_bounds = []
        lower_bounds = []
    
        if A.size > 0:
            for i in range(A.shape[0]):
                if A[i, 0] > withinTol(A[i,0], 0):
                    upper_bounds.append(b[i, 0] / A[i, 0])
                elif A[i, 0] < -withinTol(A[i,0], 0):
                    lower_bounds.append(b[i, 0] / A[i, 0])
                # If A[i,0] is zero, it's a trivial constraint (0 <= b), ignored unless b is negative (empty set)
                elif withinTol(A[i,0], 0) and b[i,0] < -withinTol(b[i,0], 0): # 0*x <= negative -> empty
                    return np.zeros((1, 0)) # Return empty for infeasible 0*x <= b
    
        # From equalities: Ae*x == be
        if Ae.size > 0:
            for i in range(Ae.shape[0]):
                if Ae[i, 0] != 0:
                    val = be[i, 0] / Ae[i, 0]
                    # For equality, this point is both an upper and lower bound
                    upper_bounds.append(val)
                    lower_bounds.append(val)
                elif withinTol(Ae[i,0], 0) and not withinTol(be[i,0], 0): # 0*x == non-zero -> empty
                     return np.zeros((1, 0)) # Return empty for infeasible 0*x == b
    
        # Determine the actual min and max, considering open/unbounded intervals
        min_val = -np.inf if not lower_bounds else np.max(lower_bounds) # Max of lower bounds is the true lower bound
        max_val = np.inf if not upper_bounds else np.min(upper_bounds) # Min of upper bounds is the true upper bound
    
        # Check for empty set (min > max)
>       if min_val > max_val + tol: # Add tolerance for numerical stability
E       NameError: name 'tol' is not defined

cora_python\contSet\polytope\vertices_.py:162: NameError
_________ TestPolytopeContains.test_contains_1d_unbounded_point_cloud _________

self = <test_polytope_contains_.TestPolytopeContains object at 0x000001F170BFBBD0>

    def test_contains_1d_unbounded_point_cloud(self):
        """Test 1D unbounded >= point cloud"""
        A1 = np.array([[1], [2]])
        b1 = np.array([1, 1])
        P1 = Polytope(A1, b1)  # x <= 1 and x <= 0.5 -> x <= 0.5
        S = np.array([[-4, -2, 0]])
>       result = contains_(P1, S.T)

cora_python\tests\contSet\polytope\test_polytope_contains_.py:117: 
_ _ _ _ _ _ _ _ _ _ _ _ _ _ _ _ _ _ _ _ _ _ _ _ _ _ _ _ _ _ _ _ _ _ _ _ _ _ _ _

P = Polytope(A=[[1], [2]], b=[1, 1])
S = array([[-4],
       [-2],
       [ 0]]), method = 'exact', tol = 1e-12
maxEval = 0, certToggle = True, scalingToggle = False

    def contains_(P: 'Polytope', S: Union[np.ndarray, 'ContSet'], method: str = 'exact',
                  tol: float = 1e-12, maxEval: int = 0, certToggle: bool = True,
                  scalingToggle: bool = False) -> Tuple[Union[bool, np.ndarray], bool, Union[float, np.ndarray]]:
        """
        Determine if polytope contains another set or points
    
        Args:
            P: Polytope object
            S: Set or points to check for containment
            method: Containment check method
            tol: Tolerance for containment check
            maxEval: Maximum evaluations (not used for polytopes)
            certToggle: Whether to compute certification
            scalingToggle: Whether to compute scaling factors
    
        Returns:
            Tuple of (result, certification, scaling)
        """
    
        # Special cases for empty sets
        if P.representsa_('emptySet', 0)[0]:
            # An empty set contains nothing unless S is also an empty set.
            if isinstance(S, np.ndarray):
                if S.size == 0: # Empty point cloud
                    return np.array([True], dtype=bool), np.array([True], dtype=bool), np.array([0.0])
                else:
                    return np.full(S.shape[1], False, dtype=bool), np.full(S.shape[1], True, dtype=bool), np.full(S.shape[1], np.inf)
            elif S.representsa_('emptySet', 0)[0]:
                return True, True, 0.0
            else:
                return False, True, np.inf
    
        # Special cases for fullspace
        if P.representsa_('fullspace', 0)[0]:
            # A fullspace contains everything that has the same dimension.
            # If S is fullspace, it is contained. If S is not fullspace, it is still contained if it's a valid set/point in the same dimension.
            if isinstance(S, np.ndarray):
                if S.shape[0] != P.dim():
                     # Incompatible dimensions for point cloud and fullspace
                    return np.full(S.shape[1], False, dtype=bool), np.full(S.shape[1], True, dtype=bool), np.full(S.shape[1], np.inf)
                return np.full(S.shape[1], True, dtype=bool), np.full(S.shape[1], True, dtype=bool), np.full(S.shape[1], 0.0)
            elif hasattr(S, 'dim') and S.dim() == P.dim():
                return True, True, 0.0 # Set always contained in fullspace of same dim
            else:
                # If S is not a NumPy array and has different dimensions, it cannot be contained.
                return False, True, np.inf
    
        # Point cloud in polytope containment
        if isinstance(S, np.ndarray):
            if S.shape[0] != P.dim():
>               raise CORAerror('CORA:wrongDimension', f'Dimension of point cloud ({S.shape[0]}) must match polytope dimension ({P.dim()}).')
E               cora_python.g.functions.matlab.validate.postprocessing.CORAerror.CORAerror: CORA:wrongDimension: Dimension of point cloud (3) must match polytope dimension (1).

cora_python\contSet\polytope\contains_.py:107: CORAerror
______ TestPolytopeContains.test_contains_1d_bounded_point_cloud_partial ______

self = <test_polytope_contains_.TestPolytopeContains object at 0x000001F170C002D0>

    def test_contains_1d_bounded_point_cloud_partial(self):
        """Test 1D bounded >= point cloud (partial containment)"""
        A1 = np.array([[1], [-1]])
        b1 = np.array([1, 1])
        P1 = Polytope(A1, b1)  # [-1, 1]
        S = np.array([[-3, 0.5, 0]])
>       result = contains_(P1, S.T)

cora_python\tests\contSet\polytope\test_polytope_contains_.py:126: 
_ _ _ _ _ _ _ _ _ _ _ _ _ _ _ _ _ _ _ _ _ _ _ _ _ _ _ _ _ _ _ _ _ _ _ _ _ _ _ _

P = Polytope(A=[[1], [-1]], b=[1, 1])
S = array([[-3. ],
       [ 0.5],
       [ 0. ]]), method = 'exact', tol = 1e-12
maxEval = 0, certToggle = True, scalingToggle = False

    def contains_(P: 'Polytope', S: Union[np.ndarray, 'ContSet'], method: str = 'exact',
                  tol: float = 1e-12, maxEval: int = 0, certToggle: bool = True,
                  scalingToggle: bool = False) -> Tuple[Union[bool, np.ndarray], bool, Union[float, np.ndarray]]:
        """
        Determine if polytope contains another set or points
    
        Args:
            P: Polytope object
            S: Set or points to check for containment
            method: Containment check method
            tol: Tolerance for containment check
            maxEval: Maximum evaluations (not used for polytopes)
            certToggle: Whether to compute certification
            scalingToggle: Whether to compute scaling factors
    
        Returns:
            Tuple of (result, certification, scaling)
        """
    
        # Special cases for empty sets
        if P.representsa_('emptySet', 0)[0]:
            # An empty set contains nothing unless S is also an empty set.
            if isinstance(S, np.ndarray):
                if S.size == 0: # Empty point cloud
                    return np.array([True], dtype=bool), np.array([True], dtype=bool), np.array([0.0])
                else:
                    return np.full(S.shape[1], False, dtype=bool), np.full(S.shape[1], True, dtype=bool), np.full(S.shape[1], np.inf)
            elif S.representsa_('emptySet', 0)[0]:
                return True, True, 0.0
            else:
                return False, True, np.inf
    
        # Special cases for fullspace
        if P.representsa_('fullspace', 0)[0]:
            # A fullspace contains everything that has the same dimension.
            # If S is fullspace, it is contained. If S is not fullspace, it is still contained if it's a valid set/point in the same dimension.
            if isinstance(S, np.ndarray):
                if S.shape[0] != P.dim():
                     # Incompatible dimensions for point cloud and fullspace
                    return np.full(S.shape[1], False, dtype=bool), np.full(S.shape[1], True, dtype=bool), np.full(S.shape[1], np.inf)
                return np.full(S.shape[1], True, dtype=bool), np.full(S.shape[1], True, dtype=bool), np.full(S.shape[1], 0.0)
            elif hasattr(S, 'dim') and S.dim() == P.dim():
                return True, True, 0.0 # Set always contained in fullspace of same dim
            else:
                # If S is not a NumPy array and has different dimensions, it cannot be contained.
                return False, True, np.inf
    
        # Point cloud in polytope containment
        if isinstance(S, np.ndarray):
            if S.shape[0] != P.dim():
>               raise CORAerror('CORA:wrongDimension', f'Dimension of point cloud ({S.shape[0]}) must match polytope dimension ({P.dim()}).')
E               cora_python.g.functions.matlab.validate.postprocessing.CORAerror.CORAerror: CORA:wrongDimension: Dimension of point cloud (3) must match polytope dimension (1).

cora_python\contSet\polytope\contains_.py:107: CORAerror
______ TestPolytopeContains.test_contains_1d_degenerate_multiple_points _______

self = <test_polytope_contains_.TestPolytopeContains object at 0x000001F170C01090>

    def test_contains_1d_degenerate_multiple_points(self):
        """Test 1D degenerate >= multiple points"""
        Ae = np.array([[1]])
        be = np.array([-3])
        P1 = Polytope(np.zeros((0, 1)), np.zeros(0), Ae, be)  # x = -3
        S = np.array([[-3, -2]])
>       result = contains_(P1, S.T)

cora_python\tests\contSet\polytope\test_polytope_contains_.py:144: 
_ _ _ _ _ _ _ _ _ _ _ _ _ _ _ _ _ _ _ _ _ _ _ _ _ _ _ _ _ _ _ _ _ _ _ _ _ _ _ _

P = Polytope(dim=1), S = array([[-3],
       [-2]]), method = 'exact'
tol = 1e-12, maxEval = 0, certToggle = True, scalingToggle = False

    def contains_(P: 'Polytope', S: Union[np.ndarray, 'ContSet'], method: str = 'exact',
                  tol: float = 1e-12, maxEval: int = 0, certToggle: bool = True,
                  scalingToggle: bool = False) -> Tuple[Union[bool, np.ndarray], bool, Union[float, np.ndarray]]:
        """
        Determine if polytope contains another set or points
    
        Args:
            P: Polytope object
            S: Set or points to check for containment
            method: Containment check method
            tol: Tolerance for containment check
            maxEval: Maximum evaluations (not used for polytopes)
            certToggle: Whether to compute certification
            scalingToggle: Whether to compute scaling factors
    
        Returns:
            Tuple of (result, certification, scaling)
        """
    
        # Special cases for empty sets
        if P.representsa_('emptySet', 0)[0]:
            # An empty set contains nothing unless S is also an empty set.
            if isinstance(S, np.ndarray):
                if S.size == 0: # Empty point cloud
                    return np.array([True], dtype=bool), np.array([True], dtype=bool), np.array([0.0])
                else:
                    return np.full(S.shape[1], False, dtype=bool), np.full(S.shape[1], True, dtype=bool), np.full(S.shape[1], np.inf)
            elif S.representsa_('emptySet', 0)[0]:
                return True, True, 0.0
            else:
                return False, True, np.inf
    
        # Special cases for fullspace
        if P.representsa_('fullspace', 0)[0]:
            # A fullspace contains everything that has the same dimension.
            # If S is fullspace, it is contained. If S is not fullspace, it is still contained if it's a valid set/point in the same dimension.
            if isinstance(S, np.ndarray):
                if S.shape[0] != P.dim():
                     # Incompatible dimensions for point cloud and fullspace
                    return np.full(S.shape[1], False, dtype=bool), np.full(S.shape[1], True, dtype=bool), np.full(S.shape[1], np.inf)
                return np.full(S.shape[1], True, dtype=bool), np.full(S.shape[1], True, dtype=bool), np.full(S.shape[1], 0.0)
            elif hasattr(S, 'dim') and S.dim() == P.dim():
                return True, True, 0.0 # Set always contained in fullspace of same dim
            else:
                # If S is not a NumPy array and has different dimensions, it cannot be contained.
                return False, True, np.inf
    
        # Point cloud in polytope containment
        if isinstance(S, np.ndarray):
            if S.shape[0] != P.dim():
>               raise CORAerror('CORA:wrongDimension', f'Dimension of point cloud ({S.shape[0]}) must match polytope dimension ({P.dim()}).')
E               cora_python.g.functions.matlab.validate.postprocessing.CORAerror.CORAerror: CORA:wrongDimension: Dimension of point cloud (2) must match polytope dimension (1).

cora_python\contSet\polytope\contains_.py:107: CORAerror
__________ TestPolytopeContains.test_contains_2d_bounded_vs_bounded ___________

self = <test_polytope_contains_.TestPolytopeContains object at 0x000001F170BFBD90>

    def test_contains_2d_bounded_vs_bounded(self):
        """Test 2D bounded, non-degenerate >= bounded, non-degenerate"""
        A1 = np.array([[1, 1], [1, -1], [-1, 1], [1, 1]])
        b1 = np.array([1, 1, 1, 1])
        P1 = Polytope(A1, b1)
        A2 = np.array([[1, 1], [1, -1], [-1, 1], [1, 1]])
        b2 = np.array([2, 2, 2, 2])
        P2 = Polytope(A2, b2)
        p1 = np.array([[0], [0]])
        p2 = np.array([[5], [5]])
>       assert not np.all(contains_(P1, P2)[0]) and np.all(contains_(P2, P1)[0])

cora_python\tests\contSet\polytope\test_polytope_contains_.py:158: 
_ _ _ _ _ _ _ _ _ _ _ _ _ _ _ _ _ _ _ _ _ _ _ _ _ _ _ _ _ _ _ _ _ _ _ _ _ _ _ _
cora_python\contSet\polytope\contains_.py:130: in contains_
    is_point, point_val = S.representsa_('point') # representsa_ returns (bool, object or None)
cora_python\contSet\polytope\representsa_.py:126: in representsa_
    V = vertices_(p)
cora_python\contSet\polytope\vertices_.py:88: in vertices_
    V = _aux_vertices_lcon2vert(P, n, c_vec)
cora_python\contSet\polytope\vertices_.py:201: in _aux_vertices_lcon2vert
    return _aux_vertices_comb(P)
_ _ _ _ _ _ _ _ _ _ _ _ _ _ _ _ _ _ _ _ _ _ _ _ _ _ _ _ _ _ _ _ _ _ _ _ _ _ _ _

P = Polytope(A=[[1, 1], [1, -1], [-1, 1], [1, 1]], b=[2, 2, 2, 2])

    def _aux_vertices_comb(P: 'Polytope') -> np.ndarray:
        """
        Simple vertex enumeration algorithm: this function returns a set of
        vertices that contains the true vertices; however, the minimal vertices
        are not the convex hull of the computed vertices.
        Matches MATLAB's aux_vertices_comb.
        """
        tol = 1e-12
    
        # Check if polytope is unbounded (already handled by main vertices_ function)
        # if not P.bounded: # Leverage P.bounded property
        #     raise CORAerror('CORA:notSupported',
        #                     'Vertex computation requires a bounded polytope.')
    
        # Rewrite as inequality constraints and normalize
        # These functions need to be imported or handled appropriately.
        # For now, we will use the P.A, P.b, P.Ae, P.be directly assuming they are up-to-date
        # after P.constraints() call in main vertices_.
        # Need to call priv_equalityToInequality and priv_normalizeConstraints and priv_compact_all
    
        from cora_python.contSet.polytope.private.priv_compact_all import priv_compact_all
>       from cora_python.g.functions.matlab.validate.preprocessing.priv_normalizeConstraints import priv_normalizeConstraints as priv_normalizeConstraints_func
E       ModuleNotFoundError: No module named 'cora_python.g.functions.matlab.validate.preprocessing.priv_normalizeConstraints'

cora_python\contSet\polytope\vertices_.py:230: ModuleNotFoundError
________ TestPolytopeContains.test_contains_2d_unbounded_vs_degenerate ________

self = <test_polytope_contains_.TestPolytopeContains object at 0x000001F170BF8490>

    def test_contains_2d_unbounded_vs_degenerate(self):
        """Test 2D unbounded, non-degenerate >= degenerate"""
        A1 = np.array([[1, 0], [0, 1], [-1, 0]])
        b1 = np.array([2, 2, 2])
        P1 = Polytope(A1, b1)
        A2 = np.array([[1, 0], [0, 1], [-1, 0], [0, -1]])
        b2 = np.array([1, 1, 1, -1])
        P2 = Polytope(A2, b2)
>       assert np.all(contains_(P1, P2)[0])

cora_python\tests\contSet\polytope\test_polytope_contains_.py:169: 
_ _ _ _ _ _ _ _ _ _ _ _ _ _ _ _ _ _ _ _ _ _ _ _ _ _ _ _ _ _ _ _ _ _ _ _ _ _ _ _
cora_python\contSet\polytope\contains_.py:130: in contains_
    is_point, point_val = S.representsa_('point') # representsa_ returns (bool, object or None)
cora_python\contSet\polytope\representsa_.py:126: in representsa_
    V = vertices_(p)
cora_python\contSet\polytope\vertices_.py:88: in vertices_
    V = _aux_vertices_lcon2vert(P, n, c_vec)
cora_python\contSet\polytope\vertices_.py:201: in _aux_vertices_lcon2vert
    return _aux_vertices_comb(P)
_ _ _ _ _ _ _ _ _ _ _ _ _ _ _ _ _ _ _ _ _ _ _ _ _ _ _ _ _ _ _ _ _ _ _ _ _ _ _ _

P = Polytope(A=[[1, 0], [0, 1], [-1, 0], [0, -1]], b=[1, 1, 1, -1])

    def _aux_vertices_comb(P: 'Polytope') -> np.ndarray:
        """
        Simple vertex enumeration algorithm: this function returns a set of
        vertices that contains the true vertices; however, the minimal vertices
        are not the convex hull of the computed vertices.
        Matches MATLAB's aux_vertices_comb.
        """
        tol = 1e-12
    
        # Check if polytope is unbounded (already handled by main vertices_ function)
        # if not P.bounded: # Leverage P.bounded property
        #     raise CORAerror('CORA:notSupported',
        #                     'Vertex computation requires a bounded polytope.')
    
        # Rewrite as inequality constraints and normalize
        # These functions need to be imported or handled appropriately.
        # For now, we will use the P.A, P.b, P.Ae, P.be directly assuming they are up-to-date
        # after P.constraints() call in main vertices_.
        # Need to call priv_equalityToInequality and priv_normalizeConstraints and priv_compact_all
    
        from cora_python.contSet.polytope.private.priv_compact_all import priv_compact_all
>       from cora_python.g.functions.matlab.validate.preprocessing.priv_normalizeConstraints import priv_normalizeConstraints as priv_normalizeConstraints_func
E       ModuleNotFoundError: No module named 'cora_python.g.functions.matlab.validate.preprocessing.priv_normalizeConstraints'

cora_python\contSet\polytope\vertices_.py:230: ModuleNotFoundError
_______ TestPolytopeContains.test_contains_2d_degenerate_vs_degenerate ________

self = <test_polytope_contains_.TestPolytopeContains object at 0x000001F170C01750>

    def test_contains_2d_degenerate_vs_degenerate(self):
        """Test 2D degenerate >= degenerate"""
        A1 = np.array([[1, 0], [0, 1], [-1, 0], [0, -1]])
        b1 = np.array([3, 1, 3, -1])
        P1 = Polytope(A1, b1)
        A2 = np.array([[1, 0], [0, 1], [-1, 0], [0, -1]])
        b2 = np.array([1, 1, 1, -1])
        P2 = Polytope(A2, b2)
>       assert np.all(contains_(P1, P2)[0])

cora_python\tests\contSet\polytope\test_polytope_contains_.py:179: 
_ _ _ _ _ _ _ _ _ _ _ _ _ _ _ _ _ _ _ _ _ _ _ _ _ _ _ _ _ _ _ _ _ _ _ _ _ _ _ _
cora_python\contSet\polytope\contains_.py:130: in contains_
    is_point, point_val = S.representsa_('point') # representsa_ returns (bool, object or None)
cora_python\contSet\polytope\representsa_.py:126: in representsa_
    V = vertices_(p)
cora_python\contSet\polytope\vertices_.py:88: in vertices_
    V = _aux_vertices_lcon2vert(P, n, c_vec)
cora_python\contSet\polytope\vertices_.py:201: in _aux_vertices_lcon2vert
    return _aux_vertices_comb(P)
_ _ _ _ _ _ _ _ _ _ _ _ _ _ _ _ _ _ _ _ _ _ _ _ _ _ _ _ _ _ _ _ _ _ _ _ _ _ _ _

P = Polytope(A=[[1, 0], [0, 1], [-1, 0], [0, -1]], b=[1, 1, 1, -1])

    def _aux_vertices_comb(P: 'Polytope') -> np.ndarray:
        """
        Simple vertex enumeration algorithm: this function returns a set of
        vertices that contains the true vertices; however, the minimal vertices
        are not the convex hull of the computed vertices.
        Matches MATLAB's aux_vertices_comb.
        """
        tol = 1e-12
    
        # Check if polytope is unbounded (already handled by main vertices_ function)
        # if not P.bounded: # Leverage P.bounded property
        #     raise CORAerror('CORA:notSupported',
        #                     'Vertex computation requires a bounded polytope.')
    
        # Rewrite as inequality constraints and normalize
        # These functions need to be imported or handled appropriately.
        # For now, we will use the P.A, P.b, P.Ae, P.be directly assuming they are up-to-date
        # after P.constraints() call in main vertices_.
        # Need to call priv_equalityToInequality and priv_normalizeConstraints and priv_compact_all
    
        from cora_python.contSet.polytope.private.priv_compact_all import priv_compact_all
>       from cora_python.g.functions.matlab.validate.preprocessing.priv_normalizeConstraints import priv_normalizeConstraints as priv_normalizeConstraints_func
E       ModuleNotFoundError: No module named 'cora_python.g.functions.matlab.validate.preprocessing.priv_normalizeConstraints'

cora_python\contSet\polytope\vertices_.py:230: ModuleNotFoundError
________ TestPolytopeContains.test_contains_2d_unbounded_vs_unbounded _________

self = <test_polytope_contains_.TestPolytopeContains object at 0x000001F170C01A90>

    def test_contains_2d_unbounded_vs_unbounded(self):
        """Test 2D unbounded >= unbounded"""
        A1 = np.array([[1, 0], [0, 1], [-1, 0]])
        b1 = np.array([2, 2, 2])
        P1 = Polytope(A1, b1)
        A2 = np.array([[1, 0], [0, 1], [-1, 0]])
        b2 = np.array([1, 1, 1])
        P2 = Polytope(A2, b2)
>       assert np.all(contains_(P1, P2)[0])

cora_python\tests\contSet\polytope\test_polytope_contains_.py:189: 
_ _ _ _ _ _ _ _ _ _ _ _ _ _ _ _ _ _ _ _ _ _ _ _ _ _ _ _ _ _ _ _ _ _ _ _ _ _ _ _
cora_python\contSet\polytope\contains_.py:130: in contains_
    is_point, point_val = S.representsa_('point') # representsa_ returns (bool, object or None)
cora_python\contSet\polytope\representsa_.py:126: in representsa_
    V = vertices_(p)
cora_python\contSet\polytope\vertices_.py:88: in vertices_
    V = _aux_vertices_lcon2vert(P, n, c_vec)
cora_python\contSet\polytope\vertices_.py:201: in _aux_vertices_lcon2vert
    return _aux_vertices_comb(P)
_ _ _ _ _ _ _ _ _ _ _ _ _ _ _ _ _ _ _ _ _ _ _ _ _ _ _ _ _ _ _ _ _ _ _ _ _ _ _ _

P = Polytope(A=[[1, 0], [0, 1], [-1, 0]], b=[1, 1, 1])

    def _aux_vertices_comb(P: 'Polytope') -> np.ndarray:
        """
        Simple vertex enumeration algorithm: this function returns a set of
        vertices that contains the true vertices; however, the minimal vertices
        are not the convex hull of the computed vertices.
        Matches MATLAB's aux_vertices_comb.
        """
        tol = 1e-12
    
        # Check if polytope is unbounded (already handled by main vertices_ function)
        # if not P.bounded: # Leverage P.bounded property
        #     raise CORAerror('CORA:notSupported',
        #                     'Vertex computation requires a bounded polytope.')
    
        # Rewrite as inequality constraints and normalize
        # These functions need to be imported or handled appropriately.
        # For now, we will use the P.A, P.b, P.Ae, P.be directly assuming they are up-to-date
        # after P.constraints() call in main vertices_.
        # Need to call priv_equalityToInequality and priv_normalizeConstraints and priv_compact_all
    
        from cora_python.contSet.polytope.private.priv_compact_all import priv_compact_all
>       from cora_python.g.functions.matlab.validate.preprocessing.priv_normalizeConstraints import priv_normalizeConstraints as priv_normalizeConstraints_func
E       ModuleNotFoundError: No module named 'cora_python.g.functions.matlab.validate.preprocessing.priv_normalizeConstraints'

cora_python\contSet\polytope\vertices_.py:230: ModuleNotFoundError
_________ TestPolytopeContains.test_contains_2d_vertices_vs_vertices __________

self = <test_polytope_contains_.TestPolytopeContains object at 0x000001F170C01DD0>

    def test_contains_2d_vertices_vs_vertices(self):
        """Test 2D vertex polytope containment"""
        V1 = np.array([[1, 0], [-1, 0], [0, 1], [0, -1]]).T
        P1 = Polytope(V1)
        V2 = np.array([[2, 0], [-2, 0], [0, 2], [0, -1]]).T
        P2 = Polytope(V2)
>       assert np.all(contains_(P2, P1)[0])

cora_python\tests\contSet\polytope\test_polytope_contains_.py:197: 
_ _ _ _ _ _ _ _ _ _ _ _ _ _ _ _ _ _ _ _ _ _ _ _ _ _ _ _ _ _ _ _ _ _ _ _ _ _ _ _
cora_python\contSet\polytope\contains_.py:130: in contains_
    is_point, point_val = S.representsa_('point') # representsa_ returns (bool, object or None)
cora_python\contSet\polytope\representsa_.py:126: in representsa_
    V = vertices_(p)
cora_python\contSet\polytope\vertices_.py:88: in vertices_
    V = _aux_vertices_lcon2vert(P, n, c_vec)
cora_python\contSet\polytope\vertices_.py:201: in _aux_vertices_lcon2vert
    return _aux_vertices_comb(P)
_ _ _ _ _ _ _ _ _ _ _ _ _ _ _ _ _ _ _ _ _ _ _ _ _ _ _ _ _ _ _ _ _ _ _ _ _ _ _ _

P = Polytope(A=[[-0.7071067811865475, -0.7071067811865475], [0.7071067811865475, -0.7071067811865475], [-0.707106781186547...067811865475, 0.7071067811865475]], b=[0.7071067811865475, 0.7071067811865475, 0.7071067811865475, 0.7071067811865475])

    def _aux_vertices_comb(P: 'Polytope') -> np.ndarray:
        """
        Simple vertex enumeration algorithm: this function returns a set of
        vertices that contains the true vertices; however, the minimal vertices
        are not the convex hull of the computed vertices.
        Matches MATLAB's aux_vertices_comb.
        """
        tol = 1e-12
    
        # Check if polytope is unbounded (already handled by main vertices_ function)
        # if not P.bounded: # Leverage P.bounded property
        #     raise CORAerror('CORA:notSupported',
        #                     'Vertex computation requires a bounded polytope.')
    
        # Rewrite as inequality constraints and normalize
        # These functions need to be imported or handled appropriately.
        # For now, we will use the P.A, P.b, P.Ae, P.be directly assuming they are up-to-date
        # after P.constraints() call in main vertices_.
        # Need to call priv_equalityToInequality and priv_normalizeConstraints and priv_compact_all
    
        from cora_python.contSet.polytope.private.priv_compact_all import priv_compact_all
>       from cora_python.g.functions.matlab.validate.preprocessing.priv_normalizeConstraints import priv_normalizeConstraints as priv_normalizeConstraints_func
E       ModuleNotFoundError: No module named 'cora_python.g.functions.matlab.validate.preprocessing.priv_normalizeConstraints'

cora_python\contSet\polytope\vertices_.py:230: ModuleNotFoundError
______ TestPolytopeContains.test_contains_2d_v_polytope_vs_h_polyhedron _______

self = <test_polytope_contains_.TestPolytopeContains object at 0x000001F170C02110>

    def test_contains_2d_v_polytope_vs_h_polyhedron(self):
        """Test 2D V-polytope vs H-polyhedron"""
        V = np.array([[1, 0], [-1, 1], [-1, -1]]).T
        P1 = Polytope(V)
        A = np.array([[1, 0]])
        b = np.array([0])
        P2 = Polytope(A, b)
>       assert not np.all(contains_(P1, P2)[0])

cora_python\tests\contSet\polytope\test_polytope_contains_.py:207: 
_ _ _ _ _ _ _ _ _ _ _ _ _ _ _ _ _ _ _ _ _ _ _ _ _ _ _ _ _ _ _ _ _ _ _ _ _ _ _ _
cora_python\contSet\polytope\contains_.py:130: in contains_
    is_point, point_val = S.representsa_('point') # representsa_ returns (bool, object or None)
cora_python\contSet\polytope\representsa_.py:126: in representsa_
    V = vertices_(p)
cora_python\contSet\polytope\vertices_.py:88: in vertices_
    V = _aux_vertices_lcon2vert(P, n, c_vec)
cora_python\contSet\polytope\vertices_.py:201: in _aux_vertices_lcon2vert
    return _aux_vertices_comb(P)
_ _ _ _ _ _ _ _ _ _ _ _ _ _ _ _ _ _ _ _ _ _ _ _ _ _ _ _ _ _ _ _ _ _ _ _ _ _ _ _

P = Polytope(A=[[1, 0]], b=[0])

    def _aux_vertices_comb(P: 'Polytope') -> np.ndarray:
        """
        Simple vertex enumeration algorithm: this function returns a set of
        vertices that contains the true vertices; however, the minimal vertices
        are not the convex hull of the computed vertices.
        Matches MATLAB's aux_vertices_comb.
        """
        tol = 1e-12
    
        # Check if polytope is unbounded (already handled by main vertices_ function)
        # if not P.bounded: # Leverage P.bounded property
        #     raise CORAerror('CORA:notSupported',
        #                     'Vertex computation requires a bounded polytope.')
    
        # Rewrite as inequality constraints and normalize
        # These functions need to be imported or handled appropriately.
        # For now, we will use the P.A, P.b, P.Ae, P.be directly assuming they are up-to-date
        # after P.constraints() call in main vertices_.
        # Need to call priv_equalityToInequality and priv_normalizeConstraints and priv_compact_all
    
        from cora_python.contSet.polytope.private.priv_compact_all import priv_compact_all
>       from cora_python.g.functions.matlab.validate.preprocessing.priv_normalizeConstraints import priv_normalizeConstraints as priv_normalizeConstraints_func
E       ModuleNotFoundError: No module named 'cora_python.g.functions.matlab.validate.preprocessing.priv_normalizeConstraints'

cora_python\contSet\polytope\vertices_.py:230: ModuleNotFoundError
_________ TestPolytopeContains.test_contains_2d_degenerate_v_polytope _________

self = <test_polytope_contains_.TestPolytopeContains object at 0x000001F170C03690>

    def test_contains_2d_degenerate_v_polytope(self):
        """Test 2D degenerate V-polytope point cloud not included"""
        V = np.array([[-2, -2], [2, 2]]).T
        P1 = Polytope(V)
        S = np.array([[0, 1]]).T
>       assert np.all(~contains_(P1, S)[0])

cora_python\tests\contSet\polytope\test_polytope_contains_.py:236: 
_ _ _ _ _ _ _ _ _ _ _ _ _ _ _ _ _ _ _ _ _ _ _ _ _ _ _ _ _ _ _ _ _ _ _ _ _ _ _ _
cora_python\contSet\polytope\contains_.py:123: in contains_
    res, cert, scaling = _aux_contains_Hpoly_pointcloud(P, S, tol, scalingToggle)
_ _ _ _ _ _ _ _ _ _ _ _ _ _ _ _ _ _ _ _ _ _ _ _ _ _ _ _ _ _ _ _ _ _ _ _ _ _ _ _

P = Polytope object (error in repr: 'NoneType' object has no attribute 'size')
S = array([[0],
       [1]]), tol = 1e-12, scalingToggle = False

    def _aux_contains_Hpoly_pointcloud(P: 'Polytope', S: np.ndarray, tol: float, scalingToggle: bool) -> Tuple[np.ndarray, np.ndarray, np.ndarray]:
        """
        Check containment of point cloud in H-polytope.
    
        Args:
            P: Polytope object (assumed to be in H-representation)
            S: Points to check (dim x num_points matrix)
            tol: Tolerance
            scalingToggle: Compute scaling
    
        Returns:
            Tuple of (result, certification, scaling)
        """
    
        # If scaling has to be computed, we need to center the polytope to the origin
        if scalingToggle:
            c = P.center() # Assumes center() returns a column vector
            P_shifted = P - c
            S_shifted = S - c.reshape(-1,1) # Ensure S is also shifted as a column vector
        else:
            P_shifted = P
            S_shifted = S
    
        # Check inequality constraints A*x <= b
        num_points = S_shifted.shape[1]
        res_ineq = np.ones(num_points, dtype=bool)
        scaling_factors = np.full(num_points, 0.0) # Initialize scaling factors
    
        if P_shifted.A.size > 0:
            # Calculate offset for all points at once
            offset_ineq = P_shifted.A @ S_shifted - P_shifted.b
    
            # Check for containment based on max_violation for each point
            for i in range(num_points):
                # A point is contained if all its constraint violations are <= tol
                res_ineq[i] = np.all(offset_ineq[:, i] < tol) or np.all(withinTol(offset_ineq[:, i], 0, tol))
    
                if scalingToggle:
                    if res_ineq[i]: # Point is inside
                        scaling_factors[i] = 1.0
                    else:
                        # For non-contained points, compute required scaling as max(A_i*s_j / b_i)
                        # Handle division by zero for b_i near zero
                        # Avoid issues with constraints where b_i is small
    
                        # Only consider active constraints where offset_ineq > tol and b_polytope > tol
                        active_constraints = (offset_ineq[:,i] > tol) & (P_shifted.b.flatten() > tol)
    
                        if np.any(active_constraints):
                            # Compute scaling only for active constraints with positive b
                            current_scaling_parts = offset_ineq[active_constraints, i] / P_shifted.b.flatten()[active_constraints]
                            scaling_factors[i] = np.max([1.0, np.max(current_scaling_parts)])
                        elif np.any(offset_ineq[:,i] > tol): # Some constraints violated, but b is zero/negative
                            scaling_factors[i] = np.inf # Unbounded scaling needed
                        else:
                            scaling_factors[i] = 1.0 # Point is contained or violation is within tolerance
    
        # Check equality constraints Ae*x == be
        res_eq = np.ones(num_points, dtype=bool)
>       if P_shifted.Ae.size > 0:
E       AttributeError: 'NoneType' object has no attribute 'size'

cora_python\contSet\polytope\contains_.py:297: AttributeError
_________ TestPolytopeContains.test_contains_3d_bounded_vs_degenerate _________

self = <test_polytope_contains_.TestPolytopeContains object at 0x000001F170C03CD0>

    def test_contains_3d_bounded_vs_degenerate(self):
        """Test 3D bounded >= degenerate"""
        A = np.array([[1, 0, 0], [0, 1, 0], [0, 0, 1],
                      [-1, 0, 0], [0, -1, 0], [0, 0, -1]])
        b = np.ones(6)
        P1 = Polytope(A, b)
        A2 = np.array([[1, 0, 0], [-1, 1, 0], [-1, -1, 0]])
        b2 = np.array([0.5, 0.25, 0.25])
        Ae = np.array([[0, 0, 1]])
        be = np.array([0])
        P2 = Polytope(A2, b2, Ae, be)
>       assert contains_(P1, P2)[0]

cora_python\tests\contSet\polytope\test_polytope_contains_.py:249: 
_ _ _ _ _ _ _ _ _ _ _ _ _ _ _ _ _ _ _ _ _ _ _ _ _ _ _ _ _ _ _ _ _ _ _ _ _ _ _ _
cora_python\contSet\polytope\contains_.py:130: in contains_
    is_point, point_val = S.representsa_('point') # representsa_ returns (bool, object or None)
cora_python\contSet\polytope\representsa_.py:126: in representsa_
    V = vertices_(p)
_ _ _ _ _ _ _ _ _ _ _ _ _ _ _ _ _ _ _ _ _ _ _ _ _ _ _ _ _ _ _ _ _ _ _ _ _ _ _ _

P = Polytope(A=[[1, 0, 0], [-1, 1, 0], [-1, -1, 0]], b=[0.5, 0.25, 0.25], Ae=[[0, 0, 1]], be=[0])
method = 'lcon2vert'

    def vertices_(P: 'Polytope', method: str = 'lcon2vert') -> np.ndarray:
        """
        Computes the vertices of a polytope.
        This is a Python translation of the 'lcon2vert' and 'comb' methods
        from the MATLAB CORA library.
        """
        tol = 1e-9 # Default tolerance, consistent with MATLAB in some places
    
        # If polytope has V-representation, return it (after ensuring minimality if needed)
        if P.isVRep:
            # MATLAB's vertices.m calls compact_(P, 'V', tol) here.
            # For now, we'll return P.V directly, assuming compact_ is handled by higher level call if needed.
            return P.V
    
        n = P.dim()
    
        # Check if polytope is known to be empty
        if P.emptySet: # Leverage the emptySet property
            P._V = np.zeros((n, 0))
            P._isVRep = True
            # Reset relevant lazy flags only, not all
            P._emptySet_is_computed = True
            P._emptySet_val = True # Explicitly set val when computed
            P._minVRep_is_computed = True # V-rep is minimal for empty set
            return P.V
    
        # 1D case quick
        if n == 1:
            # Convert to H-rep if not already
            if not P.isHRep:
                P.constraints()
            V = _priv_vertices_1D(P.A, P.b, P.Ae, P.be)
            # Set properties after computation
            P._V = V
            P._isVRep = True
            P._isHRep = False # V-rep is now primary
            P._emptySet_is_computed = False # Recompute if needed
            P._fullDim_is_computed = False
            P._bounded_is_computed = False
            P._minHRep_is_computed = False
            P._minVRep_is_computed = True # 1D vertices are always minimal
            return P.V
    
        # Compute Chebyshev center to detect unbounded/empty cases for nD
        # Note: Python's center returns (center_vector, radius) or appropriate empty/nan arrays
>       c_vec, r_val = center(P) # center() now returns a tuple (center_vector, radius)
E       ValueError: too many values to unpack (expected 2)

cora_python\contSet\polytope\vertices_.py:63: ValueError
___ TestPolytopeContains.test_contains_3d_bounded_not_containing_unbounded ____

self = <test_polytope_contains_.TestPolytopeContains object at 0x000001F170C0C310>

    def test_contains_3d_bounded_not_containing_unbounded(self):
        """Test 3D bounded does not contain unbounded"""
        # Random rotation for generality
        M, _, _ = np.linalg.svd(np.random.randn(3, 3))
        A = np.array([[1, 0, 0], [0, 1, 0], [0, 0, 1],
                      [-1, 0, 0], [0, -1, 0], [0, 0, -1]])
        b = np.ones(6)
        # Create rotated polytope (this is a placeholder for M * polytope)
        P1 = Polytope(A @ M.T, b)
        Ae = np.array([[1, 0, 0], [0, 0, 1]])
        be = np.array([1, 2])
        P2 = Polytope(np.zeros((0, 3)), np.zeros(0), Ae, be)
        # This should generally not contain P2 (unbounded plane)
        # Note: actual result depends on random M, so we just test that it runs
>       result = contains_(P1, P2)

cora_python\tests\contSet\polytope\test_polytope_contains_.py:265: 
_ _ _ _ _ _ _ _ _ _ _ _ _ _ _ _ _ _ _ _ _ _ _ _ _ _ _ _ _ _ _ _ _ _ _ _ _ _ _ _
cora_python\contSet\polytope\contains_.py:130: in contains_
    is_point, point_val = S.representsa_('point') # representsa_ returns (bool, object or None)
cora_python\contSet\polytope\representsa_.py:126: in representsa_
    V = vertices_(p)
_ _ _ _ _ _ _ _ _ _ _ _ _ _ _ _ _ _ _ _ _ _ _ _ _ _ _ _ _ _ _ _ _ _ _ _ _ _ _ _

P = Polytope(dim=3), method = 'lcon2vert'

    def vertices_(P: 'Polytope', method: str = 'lcon2vert') -> np.ndarray:
        """
        Computes the vertices of a polytope.
        This is a Python translation of the 'lcon2vert' and 'comb' methods
        from the MATLAB CORA library.
        """
        tol = 1e-9 # Default tolerance, consistent with MATLAB in some places
    
        # If polytope has V-representation, return it (after ensuring minimality if needed)
        if P.isVRep:
            # MATLAB's vertices.m calls compact_(P, 'V', tol) here.
            # For now, we'll return P.V directly, assuming compact_ is handled by higher level call if needed.
            return P.V
    
        n = P.dim()
    
        # Check if polytope is known to be empty
        if P.emptySet: # Leverage the emptySet property
            P._V = np.zeros((n, 0))
            P._isVRep = True
            # Reset relevant lazy flags only, not all
            P._emptySet_is_computed = True
            P._emptySet_val = True # Explicitly set val when computed
            P._minVRep_is_computed = True # V-rep is minimal for empty set
            return P.V
    
        # 1D case quick
        if n == 1:
            # Convert to H-rep if not already
            if not P.isHRep:
                P.constraints()
            V = _priv_vertices_1D(P.A, P.b, P.Ae, P.be)
            # Set properties after computation
            P._V = V
            P._isVRep = True
            P._isHRep = False # V-rep is now primary
            P._emptySet_is_computed = False # Recompute if needed
            P._fullDim_is_computed = False
            P._bounded_is_computed = False
            P._minHRep_is_computed = False
            P._minVRep_is_computed = True # 1D vertices are always minimal
            return P.V
    
        # Compute Chebyshev center to detect unbounded/empty cases for nD
        # Note: Python's center returns (center_vector, radius) or appropriate empty/nan arrays
>       c_vec, r_val = center(P) # center() now returns a tuple (center_vector, radius)
E       ValueError: too many values to unpack (expected 2)

cora_python\contSet\polytope\vertices_.py:63: ValueError
============================== warnings summary ===============================
cora_python/tests/contSet/polytope/test_polytope_contains_.py: 26 warnings
  D:\Bachelorarbeit\Translate_Cora\cora_python\contSet\polytope\private\priv_emptySet.py:51: OptimizeWarning: Unrecognized options detected: {'tol': 1e-10}. These will be passed to HiGHS verbatim.
    res = linprog(

cora_python/tests/contSet/polytope/test_polytope_contains_.py::TestPolytopeContains::test_contains_2d_bounded_vs_bounded
cora_python/tests/contSet/polytope/test_polytope_contains_.py::TestPolytopeContains::test_contains_2d_unbounded_vs_degenerate
cora_python/tests/contSet/polytope/test_polytope_contains_.py::TestPolytopeContains::test_contains_2d_degenerate_vs_degenerate
cora_python/tests/contSet/polytope/test_polytope_contains_.py::TestPolytopeContains::test_contains_2d_unbounded_vs_unbounded
cora_python/tests/contSet/polytope/test_polytope_contains_.py::TestPolytopeContains::test_contains_2d_vertices_vs_vertices
cora_python/tests/contSet/polytope/test_polytope_contains_.py::TestPolytopeContains::test_contains_2d_v_polytope_vs_h_polyhedron
  D:\Bachelorarbeit\Translate_Cora\cora_python\contSet\polytope\vertices_.py:200: UserWarning: lcon2vert method is not fully implemented. Falling back to 'comb' method.
    warnings.warn("lcon2vert method is not fully implemented. Falling back to 'comb' method.")

-- Docs: https://docs.pytest.org/en/stable/how-to/capture-warnings.html
=========================== short test summary info ===========================
FAILED cora_python/tests/contSet/polytope/test_polytope_contains_.py::TestPolytopeContains::test_contains_1d_unbounded_same_set
FAILED cora_python/tests/contSet/polytope/test_polytope_contains_.py::TestPolytopeContains::test_contains_1d_unbounded_subset
FAILED cora_python/tests/contSet/polytope/test_polytope_contains_.py::TestPolytopeContains::test_contains_1d_unbounded_vs_bounded_subset
FAILED cora_python/tests/contSet/polytope/test_polytope_contains_.py::TestPolytopeContains::test_contains_1d_unbounded_vs_degenerate
FAILED cora_python/tests/contSet/polytope/test_polytope_contains_.py::TestPolytopeContains::test_contains_1d_bounded_not_containing_unbounded
FAILED cora_python/tests/contSet/polytope/test_polytope_contains_.py::TestPolytopeContains::test_contains_1d_degenerate_not_containing_unbounded
FAILED cora_python/tests/contSet/polytope/test_polytope_contains_.py::TestPolytopeContains::test_contains_1d_degenerate_vs_degenerate
FAILED cora_python/tests/contSet/polytope/test_polytope_contains_.py::TestPolytopeContains::test_contains_1d_unbounded_point_cloud
FAILED cora_python/tests/contSet/polytope/test_polytope_contains_.py::TestPolytopeContains::test_contains_1d_bounded_point_cloud_partial
FAILED cora_python/tests/contSet/polytope/test_polytope_contains_.py::TestPolytopeContains::test_contains_1d_degenerate_multiple_points
FAILED cora_python/tests/contSet/polytope/test_polytope_contains_.py::TestPolytopeContains::test_contains_2d_bounded_vs_bounded
FAILED cora_python/tests/contSet/polytope/test_polytope_contains_.py::TestPolytopeContains::test_contains_2d_unbounded_vs_degenerate
FAILED cora_python/tests/contSet/polytope/test_polytope_contains_.py::TestPolytopeContains::test_contains_2d_degenerate_vs_degenerate
FAILED cora_python/tests/contSet/polytope/test_polytope_contains_.py::TestPolytopeContains::test_contains_2d_unbounded_vs_unbounded
FAILED cora_python/tests/contSet/polytope/test_polytope_contains_.py::TestPolytopeContains::test_contains_2d_vertices_vs_vertices
FAILED cora_python/tests/contSet/polytope/test_polytope_contains_.py::TestPolytopeContains::test_contains_2d_v_polytope_vs_h_polyhedron
FAILED cora_python/tests/contSet/polytope/test_polytope_contains_.py::TestPolytopeContains::test_contains_2d_degenerate_v_polytope
FAILED cora_python/tests/contSet/polytope/test_polytope_contains_.py::TestPolytopeContains::test_contains_3d_bounded_vs_degenerate
FAILED cora_python/tests/contSet/polytope/test_polytope_contains_.py::TestPolytopeContains::test_contains_3d_bounded_not_containing_unbounded
================== 19 failed, 8 passed, 32 warnings in 3.09s ==================
