============================= test session starts =============================
platform win32 -- Python 3.11.7, pytest-8.4.0, pluggy-1.6.0 -- C:\Users\flori\AppData\Local\Programs\Python\Python311\python.exe
cachedir: .pytest_cache
rootdir: C:\Bachelorarbeit\Translate_Cora\cora_python\tests\nn
configfile: pytest.ini
plugins: anyio-4.9.0, mock-3.14.1
collecting ... collected 1 item

cora_python\tests\nn\neuralNetwork\test_neuralNetwork_verify.py::testnn_verify DEBUG: Layer 0: <class 'cora_python.nn.layers.other.nnReshapeLayer.nnReshapeLayer'>, has __class__: True, has type: True
DEBUG: Layer 1: <class 'cora_python.nn.layers.linear.nnLinearLayer.nnLinearLayer'>, has __class__: True, has type: True
DEBUG: Layer 2: <class 'cora_python.nn.layers.nonlinear.nnReLULayer.nnReLULayer'>, has __class__: True, has type: True
DEBUG: Layer 3: <class 'cora_python.nn.layers.linear.nnLinearLayer.nnLinearLayer'>, has __class__: True, has type: True
DEBUG: Layer 4: <class 'cora_python.nn.layers.nonlinear.nnReLULayer.nnReLULayer'>, has __class__: True, has type: True
DEBUG: Layer 5: <class 'cora_python.nn.layers.linear.nnLinearLayer.nnLinearLayer'>, has __class__: True, has type: True
DEBUG: Layer 6: <class 'cora_python.nn.layers.nonlinear.nnReLULayer.nnReLULayer'>, has __class__: True, has type: True
DEBUG: Layer 7: <class 'cora_python.nn.layers.linear.nnLinearLayer.nnLinearLayer'>, has __class__: True, has type: True
DEBUG: Layer 8: <class 'cora_python.nn.layers.nonlinear.nnReLULayer.nnReLULayer'>, has __class__: True, has type: True
DEBUG: Layer 9: <class 'cora_python.nn.layers.linear.nnLinearLayer.nnLinearLayer'>, has __class__: True, has type: True
DEBUG: Layer 10: <class 'cora_python.nn.layers.nonlinear.nnReLULayer.nnReLULayer'>, has __class__: True, has type: True
DEBUG: Layer 11: <class 'cora_python.nn.layers.linear.nnLinearLayer.nnLinearLayer'>, has __class__: True, has type: True
DEBUG: Layer 12: <class 'cora_python.nn.layers.nonlinear.nnReLULayer.nnReLULayer'>, has __class__: True, has type: True
DEBUG: Layer 13: <class 'cora_python.nn.layers.linear.nnLinearLayer.nnLinearLayer'>, has __class__: True, has type: True
DEBUG (_aux_validate_and_normalize_polytope_inputs HRep): A_raw shape: (10, 5), Ae_raw shape: None
DEBUG (_aux_validate_and_normalize_polytope_inputs HRep): Inferred n: 5
DEBUG (_aux_validate_and_normalize_polytope_inputs): Final n before return: 5
DEBUG (Polytope.__init__): self._dim_val after _general_constructor: 5
DEBUG (_aux_validate_and_normalize_polytope_inputs HRep): A_raw shape: (1, 5), Ae_raw shape: None
DEBUG (_aux_validate_and_normalize_polytope_inputs HRep): Inferred n: 5
DEBUG (_aux_validate_and_normalize_polytope_inputs): Final n before return: 5
DEBUG (Polytope.__init__): self._dim_val after _general_constructor: 5
DEBUG: x type: <class 'type'>, x value: <class 'numpy.float32'>
DEBUG: x is class, created dtype: float32
DEBUG: Final target_dtype: float32, type: <class 'numpy.dtypes.Float32DType'>
DEBUG: Layer 0: <class 'cora_python.nn.layers.other.nnReshapeLayer.nnReshapeLayer'>, has __class__: True, has type: True
DEBUG: Layer 1: <class 'cora_python.nn.layers.linear.nnLinearLayer.nnLinearLayer'>, has __class__: True, has type: True
DEBUG: Layer 2: <class 'cora_python.nn.layers.nonlinear.nnReLULayer.nnReLULayer'>, has __class__: True, has type: True
DEBUG: Layer 3: <class 'cora_python.nn.layers.linear.nnLinearLayer.nnLinearLayer'>, has __class__: True, has type: True
DEBUG: Layer 4: <class 'cora_python.nn.layers.nonlinear.nnReLULayer.nnReLULayer'>, has __class__: True, has type: True
DEBUG: Layer 5: <class 'cora_python.nn.layers.linear.nnLinearLayer.nnLinearLayer'>, has __class__: True, has type: True
DEBUG: Layer 6: <class 'cora_python.nn.layers.nonlinear.nnReLULayer.nnReLULayer'>, has __class__: True, has type: True
DEBUG: Layer 7: <class 'cora_python.nn.layers.linear.nnLinearLayer.nnLinearLayer'>, has __class__: True, has type: True
DEBUG: Layer 8: <class 'cora_python.nn.layers.nonlinear.nnReLULayer.nnReLULayer'>, has __class__: True, has type: True
DEBUG: Layer 9: <class 'cora_python.nn.layers.linear.nnLinearLayer.nnLinearLayer'>, has __class__: True, has type: True
DEBUG: Layer 10: <class 'cora_python.nn.layers.nonlinear.nnReLULayer.nnReLULayer'>, has __class__: True, has type: True
DEBUG: Layer 11: <class 'cora_python.nn.layers.linear.nnLinearLayer.nnLinearLayer'>, has __class__: True, has type: True
DEBUG: Layer 12: <class 'cora_python.nn.layers.nonlinear.nnReLULayer.nnReLULayer'>, has __class__: True, has type: True
DEBUG: Layer 13: <class 'cora_python.nn.layers.linear.nnLinearLayer.nnLinearLayer'>, has __class__: True, has type: True
DEBUG (_aux_validate_and_normalize_polytope_inputs HRep): A_raw shape: (10, 5), Ae_raw shape: None
DEBUG (_aux_validate_and_normalize_polytope_inputs HRep): Inferred n: 5
DEBUG (_aux_validate_and_normalize_polytope_inputs): Final n before return: 5
DEBUG (Polytope.__init__): self._dim_val after _general_constructor: 5
DEBUG (_aux_validate_and_normalize_polytope_inputs HRep): A_raw shape: (4, 5), Ae_raw shape: None
DEBUG (_aux_validate_and_normalize_polytope_inputs HRep): Inferred n: 5
DEBUG (_aux_validate_and_normalize_polytope_inputs): Final n before return: 5
DEBUG (Polytope.__init__): self._dim_val after _general_constructor: 5
DEBUG: x type: <class 'type'>, x value: <class 'numpy.float32'>
DEBUG: x is class, created dtype: float32
DEBUG: Final target_dtype: float32, type: <class 'numpy.dtypes.Float32DType'>
FAILED

================================== FAILURES ===================================
________________________________ testnn_verify ________________________________

    def testnn_verify():
        """
        Test neuralNetwork.verify function (MATLAB testnn_verify equivalent)
    
        This test matches cora_matlab/unitTests/nn/testnn_verify.m exactly.
        Uses specs from the ACASXU benchmark: prop_1, prop_2.
        """
        # We use the specs from the acasxu benchmark: prop_1, prop_2, prop_3, and prop_5.
    
        cora_root = CORAROOT()
        modelPath = os.path.join(cora_root, 'cora_matlab', 'models', 'Cora', 'nn', 'ACASXU_run2a_1_2_batch_2000.onnx')
        timeout = 100  # MATLAB: timeout = 100;
    
        # Check if files exist, skip test if they don't
        if not os.path.isfile(modelPath):
            pytest.skip(f"ACASXU model file not found: {modelPath}")
    
        # First test case: prop_1.vnnlib
        prop1Filename = os.path.join(cora_root, 'cora_matlab', 'models', 'Cora', 'nn', 'prop_1.vnnlib')
        if not os.path.isfile(prop1Filename):
            pytest.skip(f"VNNLIB file not found: {prop1Filename}")
    
        nn, options, x, r, A, b, safeSet = aux_readNetworkAndOptions(modelPath, prop1Filename)
        # Do verification.
        # MATLAB: [verifRes,x_,y_] = nn.verify(x,r,A,b,safeSet,options,timeout,false);
        verifRes, x_, y_ = nn.verify(x, r, A, b, safeSet, options, timeout, False)
        # MATLAB: assert(strcmp(verifRes,'VERIFIED') & isempty(x_) & isempty(y_));
        assert verifRes == 'VERIFIED', f"Expected 'VERIFIED', got '{verifRes}'"
        assert x_ is None or (hasattr(x_, 'size') and x_.size == 0), f"Expected empty x_, got {x_}"
        assert y_ is None or (hasattr(y_, 'size') and y_.size == 0), f"Expected empty y_, got {y_}"
    
        # Second test case: prop_2.vnnlib
        prop2Filename = os.path.join(cora_root, 'cora_matlab', 'models', 'Cora', 'nn', 'prop_2.vnnlib')
        if not os.path.isfile(prop2Filename):
            pytest.skip(f"VNNLIB file not found: {prop2Filename}")
    
        nn, options, x, r, A, b, safeSet = aux_readNetworkAndOptions(modelPath, prop2Filename)
        # Do verification.
        # MATLAB: [verifRes,x_,y_] = nn.verify(x,r,A,b,safeSet,options,timeout,false);
        verifRes, x_, y_ = nn.verify(x, r, A, b, safeSet, options, timeout, False)
        # MATLAB: assert(strcmp(verifRes,'COUNTEREXAMPLE') & ~isempty(x_) & ~isempty(y_));
>       assert verifRes == 'COUNTEREXAMPLE', f"Expected 'COUNTEREXAMPLE', got '{verifRes}'"
E       AssertionError: Expected 'COUNTEREXAMPLE', got 'VERIFIED'
E       assert 'VERIFIED' == 'COUNTEREXAMPLE'
E         
E         - COUNTEREXAMPLE
E         + VERIFIED

cora_python\tests\nn\neuralNetwork\test_neuralNetwork_verify.py:269: AssertionError
=========================== short test summary info ===========================
FAILED cora_python\tests\nn\neuralNetwork\test_neuralNetwork_verify.py::testnn_verify
============================= 1 failed in 23.64s ==============================
